// Vitest Snapshot v1, https://vitest.dev/guide/snapshot.html

exports[`Calendar Utils > generateCalendar > should generate the correct calendar for a month that starts on Friday and the first day of week is Monday 1`] = `
{
  "firstDayOfWeek": 1,
  "weeks": [
    [
      {
        "date": 20,
        "display": "20",
        "month": 10,
        "weekday": 1,
        "year": 2023,
      },
      {
        "date": 21,
        "display": "21",
        "month": 10,
        "weekday": 2,
        "year": 2023,
      },
      {
        "date": 22,
        "display": "22",
        "month": 10,
        "weekday": 3,
        "year": 2023,
      },
      {
        "date": 23,
        "display": "23",
        "month": 10,
        "weekday": 4,
        "year": 2023,
      },
      {
        "date": 24,
        "display": "24",
        "month": 10,
        "weekday": 5,
        "year": 2023,
      },
      {
        "date": 25,
        "display": "25",
        "month": 10,
        "weekday": 6,
        "year": 2023,
      },
      {
        "date": 26,
        "display": "26",
        "month": 10,
        "weekday": 0,
        "year": 2023,
      },
    ],
    [
      {
        "date": 27,
        "display": "27",
        "month": 10,
        "weekday": 1,
        "year": 2023,
      },
      {
        "date": 28,
        "display": "28",
        "month": 10,
        "weekday": 2,
        "year": 2023,
      },
      {
        "date": 29,
        "display": "29",
        "month": 10,
        "weekday": 3,
        "year": 2023,
      },
      {
        "date": 30,
        "display": "30",
        "month": 10,
        "weekday": 4,
        "year": 2023,
      },
      {
        "date": 1,
        "display": "1",
        "month": 11,
        "weekday": 5,
        "year": 2023,
      },
      {
        "date": 2,
        "display": "2",
        "month": 11,
        "weekday": 6,
        "year": 2023,
      },
      {
        "date": 3,
        "display": "3",
        "month": 11,
        "weekday": 0,
        "year": 2023,
      },
    ],
    [
      {
        "date": 4,
        "display": "4",
        "month": 11,
        "weekday": 1,
        "year": 2023,
      },
      {
        "date": 5,
        "display": "5",
        "month": 11,
        "weekday": 2,
        "year": 2023,
      },
      {
        "date": 6,
        "display": "6",
        "month": 11,
        "weekday": 3,
        "year": 2023,
      },
      {
        "date": 7,
        "display": "7",
        "month": 11,
        "weekday": 4,
        "year": 2023,
      },
      {
        "date": 8,
        "display": "8",
        "month": 11,
        "weekday": 5,
        "year": 2023,
      },
      {
        "date": 9,
        "display": "9",
        "month": 11,
        "weekday": 6,
        "year": 2023,
      },
      {
        "date": 10,
        "display": "10",
        "month": 11,
        "weekday": 0,
        "year": 2023,
      },
    ],
    [
      {
        "date": 11,
        "display": "11",
        "month": 11,
        "weekday": 1,
        "year": 2023,
      },
      {
        "date": 12,
        "display": "12",
        "month": 11,
        "weekday": 2,
        "year": 2023,
      },
      {
        "date": 13,
        "display": "13",
        "month": 11,
        "weekday": 3,
        "year": 2023,
      },
      {
        "date": 14,
        "display": "14",
        "month": 11,
        "weekday": 4,
        "year": 2023,
      },
      {
        "date": 15,
        "display": "15",
        "month": 11,
        "weekday": 5,
        "year": 2023,
      },
      {
        "date": 16,
        "display": "16",
        "month": 11,
        "weekday": 6,
        "year": 2023,
      },
      {
        "date": 17,
        "display": "17",
        "month": 11,
        "weekday": 0,
        "year": 2023,
      },
    ],
    [
      {
        "date": 18,
        "display": "18",
        "month": 11,
        "weekday": 1,
        "year": 2023,
      },
      {
        "date": 19,
        "display": "19",
        "month": 11,
        "weekday": 2,
        "year": 2023,
      },
      {
        "date": 20,
        "display": "20",
        "month": 11,
        "weekday": 3,
        "year": 2023,
      },
      {
        "date": 21,
        "display": "21",
        "month": 11,
        "weekday": 4,
        "year": 2023,
      },
      {
        "date": 22,
        "display": "22",
        "month": 11,
        "weekday": 5,
        "year": 2023,
      },
      {
        "date": 23,
        "display": "23",
        "month": 11,
        "weekday": 6,
        "year": 2023,
      },
      {
        "date": 24,
        "display": "24",
        "month": 11,
        "weekday": 0,
        "year": 2023,
      },
    ],
    [
      {
        "date": 25,
        "display": "25",
        "month": 11,
        "weekday": 1,
        "year": 2023,
      },
      {
        "date": 26,
        "display": "26",
        "month": 11,
        "weekday": 2,
        "year": 2023,
      },
      {
        "date": 27,
        "display": "27",
        "month": 11,
        "weekday": 3,
        "year": 2023,
      },
      {
        "date": 28,
        "display": "28",
        "month": 11,
        "weekday": 4,
        "year": 2023,
      },
      {
        "date": 29,
        "display": "29",
        "month": 11,
        "weekday": 5,
        "year": 2023,
      },
      {
        "date": 30,
        "display": "30",
        "month": 11,
        "weekday": 6,
        "year": 2023,
      },
      {
        "date": 31,
        "display": "31",
        "month": 11,
        "weekday": 0,
        "year": 2023,
      },
    ],
    [
      {
        "date": 1,
        "display": "1",
        "month": 0,
        "weekday": 1,
        "year": 2024,
      },
      {
        "date": 2,
        "display": "2",
        "month": 0,
        "weekday": 2,
        "year": 2024,
      },
      {
        "date": 3,
        "display": "3",
        "month": 0,
        "weekday": 3,
        "year": 2024,
      },
      {
        "date": 4,
        "display": "4",
        "month": 0,
        "weekday": 4,
        "year": 2024,
      },
      {
        "date": 5,
        "display": "5",
        "month": 0,
        "weekday": 5,
        "year": 2024,
      },
      {
        "date": 6,
        "display": "6",
        "month": 0,
        "weekday": 6,
        "year": 2024,
      },
      {
        "date": 7,
        "display": "7",
        "month": 0,
        "weekday": 0,
        "year": 2024,
      },
    ],
  ],
}
`;

exports[`Calendar Utils > generateCalendar > should generate the correct calendar for a month that starts on Monday and the first day of week is Monday 1`] = `
{
  "firstDayOfWeek": 1,
  "weeks": [
    [
      {
        "date": 24,
        "display": "24",
        "month": 3,
        "weekday": 1,
        "year": 2023,
      },
      {
        "date": 25,
        "display": "25",
        "month": 3,
        "weekday": 2,
        "year": 2023,
      },
      {
        "date": 26,
        "display": "26",
        "month": 3,
        "weekday": 3,
        "year": 2023,
      },
      {
        "date": 27,
        "display": "27",
        "month": 3,
        "weekday": 4,
        "year": 2023,
      },
      {
        "date": 28,
        "display": "28",
        "month": 3,
        "weekday": 5,
        "year": 2023,
      },
      {
        "date": 29,
        "display": "29",
        "month": 3,
        "weekday": 6,
        "year": 2023,
      },
      {
        "date": 30,
        "display": "30",
        "month": 3,
        "weekday": 0,
        "year": 2023,
      },
    ],
    [
      {
        "date": 1,
        "display": "1",
        "month": 4,
        "weekday": 1,
        "year": 2023,
      },
      {
        "date": 2,
        "display": "2",
        "month": 4,
        "weekday": 2,
        "year": 2023,
      },
      {
        "date": 3,
        "display": "3",
        "month": 4,
        "weekday": 3,
        "year": 2023,
      },
      {
        "date": 4,
        "display": "4",
        "month": 4,
        "weekday": 4,
        "year": 2023,
      },
      {
        "date": 5,
        "display": "5",
        "month": 4,
        "weekday": 5,
        "year": 2023,
      },
      {
        "date": 6,
        "display": "6",
        "month": 4,
        "weekday": 6,
        "year": 2023,
      },
      {
        "date": 7,
        "display": "7",
        "month": 4,
        "weekday": 0,
        "year": 2023,
      },
    ],
    [
      {
        "date": 8,
        "display": "8",
        "month": 4,
        "weekday": 1,
        "year": 2023,
      },
      {
        "date": 9,
        "display": "9",
        "month": 4,
        "weekday": 2,
        "year": 2023,
      },
      {
        "date": 10,
        "display": "10",
        "month": 4,
        "weekday": 3,
        "year": 2023,
      },
      {
        "date": 11,
        "display": "11",
        "month": 4,
        "weekday": 4,
        "year": 2023,
      },
      {
        "date": 12,
        "display": "12",
        "month": 4,
        "weekday": 5,
        "year": 2023,
      },
      {
        "date": 13,
        "display": "13",
        "month": 4,
        "weekday": 6,
        "year": 2023,
      },
      {
        "date": 14,
        "display": "14",
        "month": 4,
        "weekday": 0,
        "year": 2023,
      },
    ],
    [
      {
        "date": 15,
        "display": "15",
        "month": 4,
        "weekday": 1,
        "year": 2023,
      },
      {
        "date": 16,
        "display": "16",
        "month": 4,
        "weekday": 2,
        "year": 2023,
      },
      {
        "date": 17,
        "display": "17",
        "month": 4,
        "weekday": 3,
        "year": 2023,
      },
      {
        "date": 18,
        "display": "18",
        "month": 4,
        "weekday": 4,
        "year": 2023,
      },
      {
        "date": 19,
        "display": "19",
        "month": 4,
        "weekday": 5,
        "year": 2023,
      },
      {
        "date": 20,
        "display": "20",
        "month": 4,
        "weekday": 6,
        "year": 2023,
      },
      {
        "date": 21,
        "display": "21",
        "month": 4,
        "weekday": 0,
        "year": 2023,
      },
    ],
    [
      {
        "date": 22,
        "display": "22",
        "month": 4,
        "weekday": 1,
        "year": 2023,
      },
      {
        "date": 23,
        "display": "23",
        "month": 4,
        "weekday": 2,
        "year": 2023,
      },
      {
        "date": 24,
        "display": "24",
        "month": 4,
        "weekday": 3,
        "year": 2023,
      },
      {
        "date": 25,
        "display": "25",
        "month": 4,
        "weekday": 4,
        "year": 2023,
      },
      {
        "date": 26,
        "display": "26",
        "month": 4,
        "weekday": 5,
        "year": 2023,
      },
      {
        "date": 27,
        "display": "27",
        "month": 4,
        "weekday": 6,
        "year": 2023,
      },
      {
        "date": 28,
        "display": "28",
        "month": 4,
        "weekday": 0,
        "year": 2023,
      },
    ],
    [
      {
        "date": 29,
        "display": "29",
        "month": 4,
        "weekday": 1,
        "year": 2023,
      },
      {
        "date": 30,
        "display": "30",
        "month": 4,
        "weekday": 2,
        "year": 2023,
      },
      {
        "date": 31,
        "display": "31",
        "month": 4,
        "weekday": 3,
        "year": 2023,
      },
      {
        "date": 1,
        "display": "1",
        "month": 5,
        "weekday": 4,
        "year": 2023,
      },
      {
        "date": 2,
        "display": "2",
        "month": 5,
        "weekday": 5,
        "year": 2023,
      },
      {
        "date": 3,
        "display": "3",
        "month": 5,
        "weekday": 6,
        "year": 2023,
      },
      {
        "date": 4,
        "display": "4",
        "month": 5,
        "weekday": 0,
        "year": 2023,
      },
    ],
    [
      {
        "date": 5,
        "display": "5",
        "month": 5,
        "weekday": 1,
        "year": 2023,
      },
      {
        "date": 6,
        "display": "6",
        "month": 5,
        "weekday": 2,
        "year": 2023,
      },
      {
        "date": 7,
        "display": "7",
        "month": 5,
        "weekday": 3,
        "year": 2023,
      },
      {
        "date": 8,
        "display": "8",
        "month": 5,
        "weekday": 4,
        "year": 2023,
      },
      {
        "date": 9,
        "display": "9",
        "month": 5,
        "weekday": 5,
        "year": 2023,
      },
      {
        "date": 10,
        "display": "10",
        "month": 5,
        "weekday": 6,
        "year": 2023,
      },
      {
        "date": 11,
        "display": "11",
        "month": 5,
        "weekday": 0,
        "year": 2023,
      },
    ],
  ],
}
`;

exports[`Calendar Utils > generateCalendar > should generate the correct calendar for a month that starts on Monday and the first day of week is Saturday 1`] = `
{
  "firstDayOfWeek": 6,
  "weeks": [
    [
      {
        "date": 22,
        "display": "22",
        "month": 3,
        "weekday": 6,
        "year": 2023,
      },
      {
        "date": 23,
        "display": "23",
        "month": 3,
        "weekday": 0,
        "year": 2023,
      },
      {
        "date": 24,
        "display": "24",
        "month": 3,
        "weekday": 1,
        "year": 2023,
      },
      {
        "date": 25,
        "display": "25",
        "month": 3,
        "weekday": 2,
        "year": 2023,
      },
      {
        "date": 26,
        "display": "26",
        "month": 3,
        "weekday": 3,
        "year": 2023,
      },
      {
        "date": 27,
        "display": "27",
        "month": 3,
        "weekday": 4,
        "year": 2023,
      },
      {
        "date": 28,
        "display": "28",
        "month": 3,
        "weekday": 5,
        "year": 2023,
      },
    ],
    [
      {
        "date": 29,
        "display": "29",
        "month": 3,
        "weekday": 6,
        "year": 2023,
      },
      {
        "date": 30,
        "display": "30",
        "month": 3,
        "weekday": 0,
        "year": 2023,
      },
      {
        "date": 1,
        "display": "1",
        "month": 4,
        "weekday": 1,
        "year": 2023,
      },
      {
        "date": 2,
        "display": "2",
        "month": 4,
        "weekday": 2,
        "year": 2023,
      },
      {
        "date": 3,
        "display": "3",
        "month": 4,
        "weekday": 3,
        "year": 2023,
      },
      {
        "date": 4,
        "display": "4",
        "month": 4,
        "weekday": 4,
        "year": 2023,
      },
      {
        "date": 5,
        "display": "5",
        "month": 4,
        "weekday": 5,
        "year": 2023,
      },
    ],
    [
      {
        "date": 6,
        "display": "6",
        "month": 4,
        "weekday": 6,
        "year": 2023,
      },
      {
        "date": 7,
        "display": "7",
        "month": 4,
        "weekday": 0,
        "year": 2023,
      },
      {
        "date": 8,
        "display": "8",
        "month": 4,
        "weekday": 1,
        "year": 2023,
      },
      {
        "date": 9,
        "display": "9",
        "month": 4,
        "weekday": 2,
        "year": 2023,
      },
      {
        "date": 10,
        "display": "10",
        "month": 4,
        "weekday": 3,
        "year": 2023,
      },
      {
        "date": 11,
        "display": "11",
        "month": 4,
        "weekday": 4,
        "year": 2023,
      },
      {
        "date": 12,
        "display": "12",
        "month": 4,
        "weekday": 5,
        "year": 2023,
      },
    ],
    [
      {
        "date": 13,
        "display": "13",
        "month": 4,
        "weekday": 6,
        "year": 2023,
      },
      {
        "date": 14,
        "display": "14",
        "month": 4,
        "weekday": 0,
        "year": 2023,
      },
      {
        "date": 15,
        "display": "15",
        "month": 4,
        "weekday": 1,
        "year": 2023,
      },
      {
        "date": 16,
        "display": "16",
        "month": 4,
        "weekday": 2,
        "year": 2023,
      },
      {
        "date": 17,
        "display": "17",
        "month": 4,
        "weekday": 3,
        "year": 2023,
      },
      {
        "date": 18,
        "display": "18",
        "month": 4,
        "weekday": 4,
        "year": 2023,
      },
      {
        "date": 19,
        "display": "19",
        "month": 4,
        "weekday": 5,
        "year": 2023,
      },
    ],
    [
      {
        "date": 20,
        "display": "20",
        "month": 4,
        "weekday": 6,
        "year": 2023,
      },
      {
        "date": 21,
        "display": "21",
        "month": 4,
        "weekday": 0,
        "year": 2023,
      },
      {
        "date": 22,
        "display": "22",
        "month": 4,
        "weekday": 1,
        "year": 2023,
      },
      {
        "date": 23,
        "display": "23",
        "month": 4,
        "weekday": 2,
        "year": 2023,
      },
      {
        "date": 24,
        "display": "24",
        "month": 4,
        "weekday": 3,
        "year": 2023,
      },
      {
        "date": 25,
        "display": "25",
        "month": 4,
        "weekday": 4,
        "year": 2023,
      },
      {
        "date": 26,
        "display": "26",
        "month": 4,
        "weekday": 5,
        "year": 2023,
      },
    ],
    [
      {
        "date": 27,
        "display": "27",
        "month": 4,
        "weekday": 6,
        "year": 2023,
      },
      {
        "date": 28,
        "display": "28",
        "month": 4,
        "weekday": 0,
        "year": 2023,
      },
      {
        "date": 29,
        "display": "29",
        "month": 4,
        "weekday": 1,
        "year": 2023,
      },
      {
        "date": 30,
        "display": "30",
        "month": 4,
        "weekday": 2,
        "year": 2023,
      },
      {
        "date": 31,
        "display": "31",
        "month": 4,
        "weekday": 3,
        "year": 2023,
      },
      {
        "date": 1,
        "display": "1",
        "month": 5,
        "weekday": 4,
        "year": 2023,
      },
      {
        "date": 2,
        "display": "2",
        "month": 5,
        "weekday": 5,
        "year": 2023,
      },
    ],
    [
      {
        "date": 3,
        "display": "3",
        "month": 5,
        "weekday": 6,
        "year": 2023,
      },
      {
        "date": 4,
        "display": "4",
        "month": 5,
        "weekday": 0,
        "year": 2023,
      },
      {
        "date": 5,
        "display": "5",
        "month": 5,
        "weekday": 1,
        "year": 2023,
      },
      {
        "date": 6,
        "display": "6",
        "month": 5,
        "weekday": 2,
        "year": 2023,
      },
      {
        "date": 7,
        "display": "7",
        "month": 5,
        "weekday": 3,
        "year": 2023,
      },
      {
        "date": 8,
        "display": "8",
        "month": 5,
        "weekday": 4,
        "year": 2023,
      },
      {
        "date": 9,
        "display": "9",
        "month": 5,
        "weekday": 5,
        "year": 2023,
      },
    ],
  ],
}
`;

exports[`Calendar Utils > generateCalendar > should generate the correct calendar for a month that starts on Monday and the first day of week is Sunday 1`] = `
{
  "firstDayOfWeek": 0,
  "weeks": [
    [
      {
        "date": 23,
        "display": "23",
        "month": 3,
        "weekday": 0,
        "year": 2023,
      },
      {
        "date": 24,
        "display": "24",
        "month": 3,
        "weekday": 1,
        "year": 2023,
      },
      {
        "date": 25,
        "display": "25",
        "month": 3,
        "weekday": 2,
        "year": 2023,
      },
      {
        "date": 26,
        "display": "26",
        "month": 3,
        "weekday": 3,
        "year": 2023,
      },
      {
        "date": 27,
        "display": "27",
        "month": 3,
        "weekday": 4,
        "year": 2023,
      },
      {
        "date": 28,
        "display": "28",
        "month": 3,
        "weekday": 5,
        "year": 2023,
      },
      {
        "date": 29,
        "display": "29",
        "month": 3,
        "weekday": 6,
        "year": 2023,
      },
    ],
    [
      {
        "date": 30,
        "display": "30",
        "month": 3,
        "weekday": 0,
        "year": 2023,
      },
      {
        "date": 1,
        "display": "1",
        "month": 4,
        "weekday": 1,
        "year": 2023,
      },
      {
        "date": 2,
        "display": "2",
        "month": 4,
        "weekday": 2,
        "year": 2023,
      },
      {
        "date": 3,
        "display": "3",
        "month": 4,
        "weekday": 3,
        "year": 2023,
      },
      {
        "date": 4,
        "display": "4",
        "month": 4,
        "weekday": 4,
        "year": 2023,
      },
      {
        "date": 5,
        "display": "5",
        "month": 4,
        "weekday": 5,
        "year": 2023,
      },
      {
        "date": 6,
        "display": "6",
        "month": 4,
        "weekday": 6,
        "year": 2023,
      },
    ],
    [
      {
        "date": 7,
        "display": "7",
        "month": 4,
        "weekday": 0,
        "year": 2023,
      },
      {
        "date": 8,
        "display": "8",
        "month": 4,
        "weekday": 1,
        "year": 2023,
      },
      {
        "date": 9,
        "display": "9",
        "month": 4,
        "weekday": 2,
        "year": 2023,
      },
      {
        "date": 10,
        "display": "10",
        "month": 4,
        "weekday": 3,
        "year": 2023,
      },
      {
        "date": 11,
        "display": "11",
        "month": 4,
        "weekday": 4,
        "year": 2023,
      },
      {
        "date": 12,
        "display": "12",
        "month": 4,
        "weekday": 5,
        "year": 2023,
      },
      {
        "date": 13,
        "display": "13",
        "month": 4,
        "weekday": 6,
        "year": 2023,
      },
    ],
    [
      {
        "date": 14,
        "display": "14",
        "month": 4,
        "weekday": 0,
        "year": 2023,
      },
      {
        "date": 15,
        "display": "15",
        "month": 4,
        "weekday": 1,
        "year": 2023,
      },
      {
        "date": 16,
        "display": "16",
        "month": 4,
        "weekday": 2,
        "year": 2023,
      },
      {
        "date": 17,
        "display": "17",
        "month": 4,
        "weekday": 3,
        "year": 2023,
      },
      {
        "date": 18,
        "display": "18",
        "month": 4,
        "weekday": 4,
        "year": 2023,
      },
      {
        "date": 19,
        "display": "19",
        "month": 4,
        "weekday": 5,
        "year": 2023,
      },
      {
        "date": 20,
        "display": "20",
        "month": 4,
        "weekday": 6,
        "year": 2023,
      },
    ],
    [
      {
        "date": 21,
        "display": "21",
        "month": 4,
        "weekday": 0,
        "year": 2023,
      },
      {
        "date": 22,
        "display": "22",
        "month": 4,
        "weekday": 1,
        "year": 2023,
      },
      {
        "date": 23,
        "display": "23",
        "month": 4,
        "weekday": 2,
        "year": 2023,
      },
      {
        "date": 24,
        "display": "24",
        "month": 4,
        "weekday": 3,
        "year": 2023,
      },
      {
        "date": 25,
        "display": "25",
        "month": 4,
        "weekday": 4,
        "year": 2023,
      },
      {
        "date": 26,
        "display": "26",
        "month": 4,
        "weekday": 5,
        "year": 2023,
      },
      {
        "date": 27,
        "display": "27",
        "month": 4,
        "weekday": 6,
        "year": 2023,
      },
    ],
    [
      {
        "date": 28,
        "display": "28",
        "month": 4,
        "weekday": 0,
        "year": 2023,
      },
      {
        "date": 29,
        "display": "29",
        "month": 4,
        "weekday": 1,
        "year": 2023,
      },
      {
        "date": 30,
        "display": "30",
        "month": 4,
        "weekday": 2,
        "year": 2023,
      },
      {
        "date": 31,
        "display": "31",
        "month": 4,
        "weekday": 3,
        "year": 2023,
      },
      {
        "date": 1,
        "display": "1",
        "month": 5,
        "weekday": 4,
        "year": 2023,
      },
      {
        "date": 2,
        "display": "2",
        "month": 5,
        "weekday": 5,
        "year": 2023,
      },
      {
        "date": 3,
        "display": "3",
        "month": 5,
        "weekday": 6,
        "year": 2023,
      },
    ],
    [
      {
        "date": 4,
        "display": "4",
        "month": 5,
        "weekday": 0,
        "year": 2023,
      },
      {
        "date": 5,
        "display": "5",
        "month": 5,
        "weekday": 1,
        "year": 2023,
      },
      {
        "date": 6,
        "display": "6",
        "month": 5,
        "weekday": 2,
        "year": 2023,
      },
      {
        "date": 7,
        "display": "7",
        "month": 5,
        "weekday": 3,
        "year": 2023,
      },
      {
        "date": 8,
        "display": "8",
        "month": 5,
        "weekday": 4,
        "year": 2023,
      },
      {
        "date": 9,
        "display": "9",
        "month": 5,
        "weekday": 5,
        "year": 2023,
      },
      {
        "date": 10,
        "display": "10",
        "month": 5,
        "weekday": 6,
        "year": 2023,
      },
    ],
  ],
}
`;

exports[`Calendar Utils > generateCalendar > should generate the correct calendar for a month that starts on Saturday and the first day of week is Sunday 1`] = `
{
  "firstDayOfWeek": 0,
  "weeks": [
    [
      {
        "date": 19,
        "display": "19",
        "month": 2,
        "weekday": 0,
        "year": 2023,
      },
      {
        "date": 20,
        "display": "20",
        "month": 2,
        "weekday": 1,
        "year": 2023,
      },
      {
        "date": 21,
        "display": "21",
        "month": 2,
        "weekday": 2,
        "year": 2023,
      },
      {
        "date": 22,
        "display": "22",
        "month": 2,
        "weekday": 3,
        "year": 2023,
      },
      {
        "date": 23,
        "display": "23",
        "month": 2,
        "weekday": 4,
        "year": 2023,
      },
      {
        "date": 24,
        "display": "24",
        "month": 2,
        "weekday": 5,
        "year": 2023,
      },
      {
        "date": 25,
        "display": "25",
        "month": 2,
        "weekday": 6,
        "year": 2023,
      },
    ],
    [
      {
        "date": 26,
        "display": "26",
        "month": 2,
        "weekday": 0,
        "year": 2023,
      },
      {
        "date": 27,
        "display": "27",
        "month": 2,
        "weekday": 1,
        "year": 2023,
      },
      {
        "date": 28,
        "display": "28",
        "month": 2,
        "weekday": 2,
        "year": 2023,
      },
      {
        "date": 29,
        "display": "29",
        "month": 2,
        "weekday": 3,
        "year": 2023,
      },
      {
        "date": 30,
        "display": "30",
        "month": 2,
        "weekday": 4,
        "year": 2023,
      },
      {
        "date": 31,
        "display": "31",
        "month": 2,
        "weekday": 5,
        "year": 2023,
      },
      {
        "date": 1,
        "display": "1",
        "month": 3,
        "weekday": 6,
        "year": 2023,
      },
    ],
    [
      {
        "date": 2,
        "display": "2",
        "month": 3,
        "weekday": 0,
        "year": 2023,
      },
      {
        "date": 3,
        "display": "3",
        "month": 3,
        "weekday": 1,
        "year": 2023,
      },
      {
        "date": 4,
        "display": "4",
        "month": 3,
        "weekday": 2,
        "year": 2023,
      },
      {
        "date": 5,
        "display": "5",
        "month": 3,
        "weekday": 3,
        "year": 2023,
      },
      {
        "date": 6,
        "display": "6",
        "month": 3,
        "weekday": 4,
        "year": 2023,
      },
      {
        "date": 7,
        "display": "7",
        "month": 3,
        "weekday": 5,
        "year": 2023,
      },
      {
        "date": 8,
        "display": "8",
        "month": 3,
        "weekday": 6,
        "year": 2023,
      },
    ],
    [
      {
        "date": 9,
        "display": "9",
        "month": 3,
        "weekday": 0,
        "year": 2023,
      },
      {
        "date": 10,
        "display": "10",
        "month": 3,
        "weekday": 1,
        "year": 2023,
      },
      {
        "date": 11,
        "display": "11",
        "month": 3,
        "weekday": 2,
        "year": 2023,
      },
      {
        "date": 12,
        "display": "12",
        "month": 3,
        "weekday": 3,
        "year": 2023,
      },
      {
        "date": 13,
        "display": "13",
        "month": 3,
        "weekday": 4,
        "year": 2023,
      },
      {
        "date": 14,
        "display": "14",
        "month": 3,
        "weekday": 5,
        "year": 2023,
      },
      {
        "date": 15,
        "display": "15",
        "month": 3,
        "weekday": 6,
        "year": 2023,
      },
    ],
    [
      {
        "date": 16,
        "display": "16",
        "month": 3,
        "weekday": 0,
        "year": 2023,
      },
      {
        "date": 17,
        "display": "17",
        "month": 3,
        "weekday": 1,
        "year": 2023,
      },
      {
        "date": 18,
        "display": "18",
        "month": 3,
        "weekday": 2,
        "year": 2023,
      },
      {
        "date": 19,
        "display": "19",
        "month": 3,
        "weekday": 3,
        "year": 2023,
      },
      {
        "date": 20,
        "display": "20",
        "month": 3,
        "weekday": 4,
        "year": 2023,
      },
      {
        "date": 21,
        "display": "21",
        "month": 3,
        "weekday": 5,
        "year": 2023,
      },
      {
        "date": 22,
        "display": "22",
        "month": 3,
        "weekday": 6,
        "year": 2023,
      },
    ],
    [
      {
        "date": 23,
        "display": "23",
        "month": 3,
        "weekday": 0,
        "year": 2023,
      },
      {
        "date": 24,
        "display": "24",
        "month": 3,
        "weekday": 1,
        "year": 2023,
      },
      {
        "date": 25,
        "display": "25",
        "month": 3,
        "weekday": 2,
        "year": 2023,
      },
      {
        "date": 26,
        "display": "26",
        "month": 3,
        "weekday": 3,
        "year": 2023,
      },
      {
        "date": 27,
        "display": "27",
        "month": 3,
        "weekday": 4,
        "year": 2023,
      },
      {
        "date": 28,
        "display": "28",
        "month": 3,
        "weekday": 5,
        "year": 2023,
      },
      {
        "date": 29,
        "display": "29",
        "month": 3,
        "weekday": 6,
        "year": 2023,
      },
    ],
    [
      {
        "date": 30,
        "display": "30",
        "month": 3,
        "weekday": 0,
        "year": 2023,
      },
      {
        "date": 1,
        "display": "1",
        "month": 4,
        "weekday": 1,
        "year": 2023,
      },
      {
        "date": 2,
        "display": "2",
        "month": 4,
        "weekday": 2,
        "year": 2023,
      },
      {
        "date": 3,
        "display": "3",
        "month": 4,
        "weekday": 3,
        "year": 2023,
      },
      {
        "date": 4,
        "display": "4",
        "month": 4,
        "weekday": 4,
        "year": 2023,
      },
      {
        "date": 5,
        "display": "5",
        "month": 4,
        "weekday": 5,
        "year": 2023,
      },
      {
        "date": 6,
        "display": "6",
        "month": 4,
        "weekday": 6,
        "year": 2023,
      },
    ],
    [
      {
        "date": 7,
        "display": "7",
        "month": 4,
        "weekday": 0,
        "year": 2023,
      },
      {
        "date": 8,
        "display": "8",
        "month": 4,
        "weekday": 1,
        "year": 2023,
      },
      {
        "date": 9,
        "display": "9",
        "month": 4,
        "weekday": 2,
        "year": 2023,
      },
      {
        "date": 10,
        "display": "10",
        "month": 4,
        "weekday": 3,
        "year": 2023,
      },
      {
        "date": 11,
        "display": "11",
        "month": 4,
        "weekday": 4,
        "year": 2023,
      },
      {
        "date": 12,
        "display": "12",
        "month": 4,
        "weekday": 5,
        "year": 2023,
      },
      {
        "date": 13,
        "display": "13",
        "month": 4,
        "weekday": 6,
        "year": 2023,
      },
    ],
  ],
}
`;

exports[`Calendar Utils > generateCalendar > should generate the correct calendar for a month that starts on Thursday and the first day of week is Monday 1`] = `
{
  "firstDayOfWeek": 1,
  "weeks": [
    [
      {
        "date": 21,
        "display": "21",
        "month": 10,
        "weekday": 1,
        "year": 2022,
      },
      {
        "date": 22,
        "display": "22",
        "month": 10,
        "weekday": 2,
        "year": 2022,
      },
      {
        "date": 23,
        "display": "23",
        "month": 10,
        "weekday": 3,
        "year": 2022,
      },
      {
        "date": 24,
        "display": "24",
        "month": 10,
        "weekday": 4,
        "year": 2022,
      },
      {
        "date": 25,
        "display": "25",
        "month": 10,
        "weekday": 5,
        "year": 2022,
      },
      {
        "date": 26,
        "display": "26",
        "month": 10,
        "weekday": 6,
        "year": 2022,
      },
      {
        "date": 27,
        "display": "27",
        "month": 10,
        "weekday": 0,
        "year": 2022,
      },
    ],
    [
      {
        "date": 28,
        "display": "28",
        "month": 10,
        "weekday": 1,
        "year": 2022,
      },
      {
        "date": 29,
        "display": "29",
        "month": 10,
        "weekday": 2,
        "year": 2022,
      },
      {
        "date": 30,
        "display": "30",
        "month": 10,
        "weekday": 3,
        "year": 2022,
      },
      {
        "date": 1,
        "display": "1",
        "month": 11,
        "weekday": 4,
        "year": 2022,
      },
      {
        "date": 2,
        "display": "2",
        "month": 11,
        "weekday": 5,
        "year": 2022,
      },
      {
        "date": 3,
        "display": "3",
        "month": 11,
        "weekday": 6,
        "year": 2022,
      },
      {
        "date": 4,
        "display": "4",
        "month": 11,
        "weekday": 0,
        "year": 2022,
      },
    ],
    [
      {
        "date": 5,
        "display": "5",
        "month": 11,
        "weekday": 1,
        "year": 2022,
      },
      {
        "date": 6,
        "display": "6",
        "month": 11,
        "weekday": 2,
        "year": 2022,
      },
      {
        "date": 7,
        "display": "7",
        "month": 11,
        "weekday": 3,
        "year": 2022,
      },
      {
        "date": 8,
        "display": "8",
        "month": 11,
        "weekday": 4,
        "year": 2022,
      },
      {
        "date": 9,
        "display": "9",
        "month": 11,
        "weekday": 5,
        "year": 2022,
      },
      {
        "date": 10,
        "display": "10",
        "month": 11,
        "weekday": 6,
        "year": 2022,
      },
      {
        "date": 11,
        "display": "11",
        "month": 11,
        "weekday": 0,
        "year": 2022,
      },
    ],
    [
      {
        "date": 12,
        "display": "12",
        "month": 11,
        "weekday": 1,
        "year": 2022,
      },
      {
        "date": 13,
        "display": "13",
        "month": 11,
        "weekday": 2,
        "year": 2022,
      },
      {
        "date": 14,
        "display": "14",
        "month": 11,
        "weekday": 3,
        "year": 2022,
      },
      {
        "date": 15,
        "display": "15",
        "month": 11,
        "weekday": 4,
        "year": 2022,
      },
      {
        "date": 16,
        "display": "16",
        "month": 11,
        "weekday": 5,
        "year": 2022,
      },
      {
        "date": 17,
        "display": "17",
        "month": 11,
        "weekday": 6,
        "year": 2022,
      },
      {
        "date": 18,
        "display": "18",
        "month": 11,
        "weekday": 0,
        "year": 2022,
      },
    ],
    [
      {
        "date": 19,
        "display": "19",
        "month": 11,
        "weekday": 1,
        "year": 2022,
      },
      {
        "date": 20,
        "display": "20",
        "month": 11,
        "weekday": 2,
        "year": 2022,
      },
      {
        "date": 21,
        "display": "21",
        "month": 11,
        "weekday": 3,
        "year": 2022,
      },
      {
        "date": 22,
        "display": "22",
        "month": 11,
        "weekday": 4,
        "year": 2022,
      },
      {
        "date": 23,
        "display": "23",
        "month": 11,
        "weekday": 5,
        "year": 2022,
      },
      {
        "date": 24,
        "display": "24",
        "month": 11,
        "weekday": 6,
        "year": 2022,
      },
      {
        "date": 25,
        "display": "25",
        "month": 11,
        "weekday": 0,
        "year": 2022,
      },
    ],
    [
      {
        "date": 26,
        "display": "26",
        "month": 11,
        "weekday": 1,
        "year": 2022,
      },
      {
        "date": 27,
        "display": "27",
        "month": 11,
        "weekday": 2,
        "year": 2022,
      },
      {
        "date": 28,
        "display": "28",
        "month": 11,
        "weekday": 3,
        "year": 2022,
      },
      {
        "date": 29,
        "display": "29",
        "month": 11,
        "weekday": 4,
        "year": 2022,
      },
      {
        "date": 30,
        "display": "30",
        "month": 11,
        "weekday": 5,
        "year": 2022,
      },
      {
        "date": 31,
        "display": "31",
        "month": 11,
        "weekday": 6,
        "year": 2022,
      },
      {
        "date": 1,
        "display": "1",
        "month": 0,
        "weekday": 0,
        "year": 2023,
      },
    ],
    [
      {
        "date": 2,
        "display": "2",
        "month": 0,
        "weekday": 1,
        "year": 2023,
      },
      {
        "date": 3,
        "display": "3",
        "month": 0,
        "weekday": 2,
        "year": 2023,
      },
      {
        "date": 4,
        "display": "4",
        "month": 0,
        "weekday": 3,
        "year": 2023,
      },
      {
        "date": 5,
        "display": "5",
        "month": 0,
        "weekday": 4,
        "year": 2023,
      },
      {
        "date": 6,
        "display": "6",
        "month": 0,
        "weekday": 5,
        "year": 2023,
      },
      {
        "date": 7,
        "display": "7",
        "month": 0,
        "weekday": 6,
        "year": 2023,
      },
      {
        "date": 8,
        "display": "8",
        "month": 0,
        "weekday": 0,
        "year": 2023,
      },
    ],
  ],
}
`;

exports[`Calendar Utils > generateCalendarDecade > should generate the correct calendar 1`] = `
{
  "rows": [
    [
      {
        "display": "2020",
        "year": 2020,
      },
      {
        "display": "2021",
        "year": 2021,
      },
      {
        "display": "2022",
        "year": 2022,
      },
    ],
    [
      {
        "display": "2023",
        "year": 2023,
      },
      {
        "display": "2024",
        "year": 2024,
      },
      {
        "display": "2025",
        "year": 2025,
      },
    ],
    [
      {
        "display": "2026",
        "year": 2026,
      },
      {
        "display": "2027",
        "year": 2027,
      },
      {
        "display": "2028",
        "year": 2028,
      },
    ],
    [
      {
        "display": "2029",
        "year": 2029,
      },
    ],
  ],
}
`;

exports[`Calendar Utils > generateCalendarMonth > should generate the correct calendar for a month that starts on Friday and the first day of week is Monday 1`] = `
{
  "firstDayOfWeek": 1,
  "weeks": [
    [
      {
        "date": 20,
        "display": "20",
        "month": 10,
        "weekday": 1,
        "year": 2023,
      },
      {
        "date": 21,
        "display": "21",
        "month": 10,
        "weekday": 2,
        "year": 2023,
      },
      {
        "date": 22,
        "display": "22",
        "month": 10,
        "weekday": 3,
        "year": 2023,
      },
      {
        "date": 23,
        "display": "23",
        "month": 10,
        "weekday": 4,
        "year": 2023,
      },
      {
        "date": 24,
        "display": "24",
        "month": 10,
        "weekday": 5,
        "year": 2023,
      },
      {
        "date": 25,
        "display": "25",
        "month": 10,
        "weekday": 6,
        "year": 2023,
      },
      {
        "date": 26,
        "display": "26",
        "month": 10,
        "weekday": 0,
        "year": 2023,
      },
    ],
    [
      {
        "date": 27,
        "display": "27",
        "month": 10,
        "weekday": 1,
        "year": 2023,
      },
      {
        "date": 28,
        "display": "28",
        "month": 10,
        "weekday": 2,
        "year": 2023,
      },
      {
        "date": 29,
        "display": "29",
        "month": 10,
        "weekday": 3,
        "year": 2023,
      },
      {
        "date": 30,
        "display": "30",
        "month": 10,
        "weekday": 4,
        "year": 2023,
      },
      {
        "date": 1,
        "display": "1",
        "month": 11,
        "weekday": 5,
        "year": 2023,
      },
      {
        "date": 2,
        "display": "2",
        "month": 11,
        "weekday": 6,
        "year": 2023,
      },
      {
        "date": 3,
        "display": "3",
        "month": 11,
        "weekday": 0,
        "year": 2023,
      },
    ],
    [
      {
        "date": 4,
        "display": "4",
        "month": 11,
        "weekday": 1,
        "year": 2023,
      },
      {
        "date": 5,
        "display": "5",
        "month": 11,
        "weekday": 2,
        "year": 2023,
      },
      {
        "date": 6,
        "display": "6",
        "month": 11,
        "weekday": 3,
        "year": 2023,
      },
      {
        "date": 7,
        "display": "7",
        "month": 11,
        "weekday": 4,
        "year": 2023,
      },
      {
        "date": 8,
        "display": "8",
        "month": 11,
        "weekday": 5,
        "year": 2023,
      },
      {
        "date": 9,
        "display": "9",
        "month": 11,
        "weekday": 6,
        "year": 2023,
      },
      {
        "date": 10,
        "display": "10",
        "month": 11,
        "weekday": 0,
        "year": 2023,
      },
    ],
    [
      {
        "date": 11,
        "display": "11",
        "month": 11,
        "weekday": 1,
        "year": 2023,
      },
      {
        "date": 12,
        "display": "12",
        "month": 11,
        "weekday": 2,
        "year": 2023,
      },
      {
        "date": 13,
        "display": "13",
        "month": 11,
        "weekday": 3,
        "year": 2023,
      },
      {
        "date": 14,
        "display": "14",
        "month": 11,
        "weekday": 4,
        "year": 2023,
      },
      {
        "date": 15,
        "display": "15",
        "month": 11,
        "weekday": 5,
        "year": 2023,
      },
      {
        "date": 16,
        "display": "16",
        "month": 11,
        "weekday": 6,
        "year": 2023,
      },
      {
        "date": 17,
        "display": "17",
        "month": 11,
        "weekday": 0,
        "year": 2023,
      },
    ],
    [
      {
        "date": 18,
        "display": "18",
        "month": 11,
        "weekday": 1,
        "year": 2023,
      },
      {
        "date": 19,
        "display": "19",
        "month": 11,
        "weekday": 2,
        "year": 2023,
      },
      {
        "date": 20,
        "display": "20",
        "month": 11,
        "weekday": 3,
        "year": 2023,
      },
      {
        "date": 21,
        "display": "21",
        "month": 11,
        "weekday": 4,
        "year": 2023,
      },
      {
        "date": 22,
        "display": "22",
        "month": 11,
        "weekday": 5,
        "year": 2023,
      },
      {
        "date": 23,
        "display": "23",
        "month": 11,
        "weekday": 6,
        "year": 2023,
      },
      {
        "date": 24,
        "display": "24",
        "month": 11,
        "weekday": 0,
        "year": 2023,
      },
    ],
    [
      {
        "date": 25,
        "display": "25",
        "month": 11,
        "weekday": 1,
        "year": 2023,
      },
      {
        "date": 26,
        "display": "26",
        "month": 11,
        "weekday": 2,
        "year": 2023,
      },
      {
        "date": 27,
        "display": "27",
        "month": 11,
        "weekday": 3,
        "year": 2023,
      },
      {
        "date": 28,
        "display": "28",
        "month": 11,
        "weekday": 4,
        "year": 2023,
      },
      {
        "date": 29,
        "display": "29",
        "month": 11,
        "weekday": 5,
        "year": 2023,
      },
      {
        "date": 30,
        "display": "30",
        "month": 11,
        "weekday": 6,
        "year": 2023,
      },
      {
        "date": 31,
        "display": "31",
        "month": 11,
        "weekday": 0,
        "year": 2023,
      },
    ],
    [
      {
        "date": 1,
        "display": "1",
        "month": 0,
        "weekday": 1,
        "year": 2024,
      },
      {
        "date": 2,
        "display": "2",
        "month": 0,
        "weekday": 2,
        "year": 2024,
      },
      {
        "date": 3,
        "display": "3",
        "month": 0,
        "weekday": 3,
        "year": 2024,
      },
      {
        "date": 4,
        "display": "4",
        "month": 0,
        "weekday": 4,
        "year": 2024,
      },
      {
        "date": 5,
        "display": "5",
        "month": 0,
        "weekday": 5,
        "year": 2024,
      },
      {
        "date": 6,
        "display": "6",
        "month": 0,
        "weekday": 6,
        "year": 2024,
      },
      {
        "date": 7,
        "display": "7",
        "month": 0,
        "weekday": 0,
        "year": 2024,
      },
    ],
  ],
}
`;

exports[`Calendar Utils > generateCalendarMonth > should generate the correct calendar for a month that starts on Monday and the first day of week is Monday 1`] = `
{
  "firstDayOfWeek": 1,
  "weeks": [
    [
      {
        "date": 24,
        "display": "24",
        "month": 3,
        "weekday": 1,
        "year": 2023,
      },
      {
        "date": 25,
        "display": "25",
        "month": 3,
        "weekday": 2,
        "year": 2023,
      },
      {
        "date": 26,
        "display": "26",
        "month": 3,
        "weekday": 3,
        "year": 2023,
      },
      {
        "date": 27,
        "display": "27",
        "month": 3,
        "weekday": 4,
        "year": 2023,
      },
      {
        "date": 28,
        "display": "28",
        "month": 3,
        "weekday": 5,
        "year": 2023,
      },
      {
        "date": 29,
        "display": "29",
        "month": 3,
        "weekday": 6,
        "year": 2023,
      },
      {
        "date": 30,
        "display": "30",
        "month": 3,
        "weekday": 0,
        "year": 2023,
      },
    ],
    [
      {
        "date": 1,
        "display": "1",
        "month": 4,
        "weekday": 1,
        "year": 2023,
      },
      {
        "date": 2,
        "display": "2",
        "month": 4,
        "weekday": 2,
        "year": 2023,
      },
      {
        "date": 3,
        "display": "3",
        "month": 4,
        "weekday": 3,
        "year": 2023,
      },
      {
        "date": 4,
        "display": "4",
        "month": 4,
        "weekday": 4,
        "year": 2023,
      },
      {
        "date": 5,
        "display": "5",
        "month": 4,
        "weekday": 5,
        "year": 2023,
      },
      {
        "date": 6,
        "display": "6",
        "month": 4,
        "weekday": 6,
        "year": 2023,
      },
      {
        "date": 7,
        "display": "7",
        "month": 4,
        "weekday": 0,
        "year": 2023,
      },
    ],
    [
      {
        "date": 8,
        "display": "8",
        "month": 4,
        "weekday": 1,
        "year": 2023,
      },
      {
        "date": 9,
        "display": "9",
        "month": 4,
        "weekday": 2,
        "year": 2023,
      },
      {
        "date": 10,
        "display": "10",
        "month": 4,
        "weekday": 3,
        "year": 2023,
      },
      {
        "date": 11,
        "display": "11",
        "month": 4,
        "weekday": 4,
        "year": 2023,
      },
      {
        "date": 12,
        "display": "12",
        "month": 4,
        "weekday": 5,
        "year": 2023,
      },
      {
        "date": 13,
        "display": "13",
        "month": 4,
        "weekday": 6,
        "year": 2023,
      },
      {
        "date": 14,
        "display": "14",
        "month": 4,
        "weekday": 0,
        "year": 2023,
      },
    ],
    [
      {
        "date": 15,
        "display": "15",
        "month": 4,
        "weekday": 1,
        "year": 2023,
      },
      {
        "date": 16,
        "display": "16",
        "month": 4,
        "weekday": 2,
        "year": 2023,
      },
      {
        "date": 17,
        "display": "17",
        "month": 4,
        "weekday": 3,
        "year": 2023,
      },
      {
        "date": 18,
        "display": "18",
        "month": 4,
        "weekday": 4,
        "year": 2023,
      },
      {
        "date": 19,
        "display": "19",
        "month": 4,
        "weekday": 5,
        "year": 2023,
      },
      {
        "date": 20,
        "display": "20",
        "month": 4,
        "weekday": 6,
        "year": 2023,
      },
      {
        "date": 21,
        "display": "21",
        "month": 4,
        "weekday": 0,
        "year": 2023,
      },
    ],
    [
      {
        "date": 22,
        "display": "22",
        "month": 4,
        "weekday": 1,
        "year": 2023,
      },
      {
        "date": 23,
        "display": "23",
        "month": 4,
        "weekday": 2,
        "year": 2023,
      },
      {
        "date": 24,
        "display": "24",
        "month": 4,
        "weekday": 3,
        "year": 2023,
      },
      {
        "date": 25,
        "display": "25",
        "month": 4,
        "weekday": 4,
        "year": 2023,
      },
      {
        "date": 26,
        "display": "26",
        "month": 4,
        "weekday": 5,
        "year": 2023,
      },
      {
        "date": 27,
        "display": "27",
        "month": 4,
        "weekday": 6,
        "year": 2023,
      },
      {
        "date": 28,
        "display": "28",
        "month": 4,
        "weekday": 0,
        "year": 2023,
      },
    ],
    [
      {
        "date": 29,
        "display": "29",
        "month": 4,
        "weekday": 1,
        "year": 2023,
      },
      {
        "date": 30,
        "display": "30",
        "month": 4,
        "weekday": 2,
        "year": 2023,
      },
      {
        "date": 31,
        "display": "31",
        "month": 4,
        "weekday": 3,
        "year": 2023,
      },
      {
        "date": 1,
        "display": "1",
        "month": 5,
        "weekday": 4,
        "year": 2023,
      },
      {
        "date": 2,
        "display": "2",
        "month": 5,
        "weekday": 5,
        "year": 2023,
      },
      {
        "date": 3,
        "display": "3",
        "month": 5,
        "weekday": 6,
        "year": 2023,
      },
      {
        "date": 4,
        "display": "4",
        "month": 5,
        "weekday": 0,
        "year": 2023,
      },
    ],
    [
      {
        "date": 5,
        "display": "5",
        "month": 5,
        "weekday": 1,
        "year": 2023,
      },
      {
        "date": 6,
        "display": "6",
        "month": 5,
        "weekday": 2,
        "year": 2023,
      },
      {
        "date": 7,
        "display": "7",
        "month": 5,
        "weekday": 3,
        "year": 2023,
      },
      {
        "date": 8,
        "display": "8",
        "month": 5,
        "weekday": 4,
        "year": 2023,
      },
      {
        "date": 9,
        "display": "9",
        "month": 5,
        "weekday": 5,
        "year": 2023,
      },
      {
        "date": 10,
        "display": "10",
        "month": 5,
        "weekday": 6,
        "year": 2023,
      },
      {
        "date": 11,
        "display": "11",
        "month": 5,
        "weekday": 0,
        "year": 2023,
      },
    ],
  ],
}
`;

exports[`Calendar Utils > generateCalendarMonth > should generate the correct calendar for a month that starts on Monday and the first day of week is Saturday 1`] = `
{
  "firstDayOfWeek": 6,
  "weeks": [
    [
      {
        "date": 22,
        "display": "22",
        "month": 3,
        "weekday": 6,
        "year": 2023,
      },
      {
        "date": 23,
        "display": "23",
        "month": 3,
        "weekday": 0,
        "year": 2023,
      },
      {
        "date": 24,
        "display": "24",
        "month": 3,
        "weekday": 1,
        "year": 2023,
      },
      {
        "date": 25,
        "display": "25",
        "month": 3,
        "weekday": 2,
        "year": 2023,
      },
      {
        "date": 26,
        "display": "26",
        "month": 3,
        "weekday": 3,
        "year": 2023,
      },
      {
        "date": 27,
        "display": "27",
        "month": 3,
        "weekday": 4,
        "year": 2023,
      },
      {
        "date": 28,
        "display": "28",
        "month": 3,
        "weekday": 5,
        "year": 2023,
      },
    ],
    [
      {
        "date": 29,
        "display": "29",
        "month": 3,
        "weekday": 6,
        "year": 2023,
      },
      {
        "date": 30,
        "display": "30",
        "month": 3,
        "weekday": 0,
        "year": 2023,
      },
      {
        "date": 1,
        "display": "1",
        "month": 4,
        "weekday": 1,
        "year": 2023,
      },
      {
        "date": 2,
        "display": "2",
        "month": 4,
        "weekday": 2,
        "year": 2023,
      },
      {
        "date": 3,
        "display": "3",
        "month": 4,
        "weekday": 3,
        "year": 2023,
      },
      {
        "date": 4,
        "display": "4",
        "month": 4,
        "weekday": 4,
        "year": 2023,
      },
      {
        "date": 5,
        "display": "5",
        "month": 4,
        "weekday": 5,
        "year": 2023,
      },
    ],
    [
      {
        "date": 6,
        "display": "6",
        "month": 4,
        "weekday": 6,
        "year": 2023,
      },
      {
        "date": 7,
        "display": "7",
        "month": 4,
        "weekday": 0,
        "year": 2023,
      },
      {
        "date": 8,
        "display": "8",
        "month": 4,
        "weekday": 1,
        "year": 2023,
      },
      {
        "date": 9,
        "display": "9",
        "month": 4,
        "weekday": 2,
        "year": 2023,
      },
      {
        "date": 10,
        "display": "10",
        "month": 4,
        "weekday": 3,
        "year": 2023,
      },
      {
        "date": 11,
        "display": "11",
        "month": 4,
        "weekday": 4,
        "year": 2023,
      },
      {
        "date": 12,
        "display": "12",
        "month": 4,
        "weekday": 5,
        "year": 2023,
      },
    ],
    [
      {
        "date": 13,
        "display": "13",
        "month": 4,
        "weekday": 6,
        "year": 2023,
      },
      {
        "date": 14,
        "display": "14",
        "month": 4,
        "weekday": 0,
        "year": 2023,
      },
      {
        "date": 15,
        "display": "15",
        "month": 4,
        "weekday": 1,
        "year": 2023,
      },
      {
        "date": 16,
        "display": "16",
        "month": 4,
        "weekday": 2,
        "year": 2023,
      },
      {
        "date": 17,
        "display": "17",
        "month": 4,
        "weekday": 3,
        "year": 2023,
      },
      {
        "date": 18,
        "display": "18",
        "month": 4,
        "weekday": 4,
        "year": 2023,
      },
      {
        "date": 19,
        "display": "19",
        "month": 4,
        "weekday": 5,
        "year": 2023,
      },
    ],
    [
      {
        "date": 20,
        "display": "20",
        "month": 4,
        "weekday": 6,
        "year": 2023,
      },
      {
        "date": 21,
        "display": "21",
        "month": 4,
        "weekday": 0,
        "year": 2023,
      },
      {
        "date": 22,
        "display": "22",
        "month": 4,
        "weekday": 1,
        "year": 2023,
      },
      {
        "date": 23,
        "display": "23",
        "month": 4,
        "weekday": 2,
        "year": 2023,
      },
      {
        "date": 24,
        "display": "24",
        "month": 4,
        "weekday": 3,
        "year": 2023,
      },
      {
        "date": 25,
        "display": "25",
        "month": 4,
        "weekday": 4,
        "year": 2023,
      },
      {
        "date": 26,
        "display": "26",
        "month": 4,
        "weekday": 5,
        "year": 2023,
      },
    ],
    [
      {
        "date": 27,
        "display": "27",
        "month": 4,
        "weekday": 6,
        "year": 2023,
      },
      {
        "date": 28,
        "display": "28",
        "month": 4,
        "weekday": 0,
        "year": 2023,
      },
      {
        "date": 29,
        "display": "29",
        "month": 4,
        "weekday": 1,
        "year": 2023,
      },
      {
        "date": 30,
        "display": "30",
        "month": 4,
        "weekday": 2,
        "year": 2023,
      },
      {
        "date": 31,
        "display": "31",
        "month": 4,
        "weekday": 3,
        "year": 2023,
      },
      {
        "date": 1,
        "display": "1",
        "month": 5,
        "weekday": 4,
        "year": 2023,
      },
      {
        "date": 2,
        "display": "2",
        "month": 5,
        "weekday": 5,
        "year": 2023,
      },
    ],
    [
      {
        "date": 3,
        "display": "3",
        "month": 5,
        "weekday": 6,
        "year": 2023,
      },
      {
        "date": 4,
        "display": "4",
        "month": 5,
        "weekday": 0,
        "year": 2023,
      },
      {
        "date": 5,
        "display": "5",
        "month": 5,
        "weekday": 1,
        "year": 2023,
      },
      {
        "date": 6,
        "display": "6",
        "month": 5,
        "weekday": 2,
        "year": 2023,
      },
      {
        "date": 7,
        "display": "7",
        "month": 5,
        "weekday": 3,
        "year": 2023,
      },
      {
        "date": 8,
        "display": "8",
        "month": 5,
        "weekday": 4,
        "year": 2023,
      },
      {
        "date": 9,
        "display": "9",
        "month": 5,
        "weekday": 5,
        "year": 2023,
      },
    ],
  ],
}
`;

exports[`Calendar Utils > generateCalendarMonth > should generate the correct calendar for a month that starts on Monday and the first day of week is Sunday 1`] = `
{
  "firstDayOfWeek": 0,
  "weeks": [
    [
      {
        "date": 23,
        "display": "23",
        "month": 3,
        "weekday": 0,
        "year": 2023,
      },
      {
        "date": 24,
        "display": "24",
        "month": 3,
        "weekday": 1,
        "year": 2023,
      },
      {
        "date": 25,
        "display": "25",
        "month": 3,
        "weekday": 2,
        "year": 2023,
      },
      {
        "date": 26,
        "display": "26",
        "month": 3,
        "weekday": 3,
        "year": 2023,
      },
      {
        "date": 27,
        "display": "27",
        "month": 3,
        "weekday": 4,
        "year": 2023,
      },
      {
        "date": 28,
        "display": "28",
        "month": 3,
        "weekday": 5,
        "year": 2023,
      },
      {
        "date": 29,
        "display": "29",
        "month": 3,
        "weekday": 6,
        "year": 2023,
      },
    ],
    [
      {
        "date": 30,
        "display": "30",
        "month": 3,
        "weekday": 0,
        "year": 2023,
      },
      {
        "date": 1,
        "display": "1",
        "month": 4,
        "weekday": 1,
        "year": 2023,
      },
      {
        "date": 2,
        "display": "2",
        "month": 4,
        "weekday": 2,
        "year": 2023,
      },
      {
        "date": 3,
        "display": "3",
        "month": 4,
        "weekday": 3,
        "year": 2023,
      },
      {
        "date": 4,
        "display": "4",
        "month": 4,
        "weekday": 4,
        "year": 2023,
      },
      {
        "date": 5,
        "display": "5",
        "month": 4,
        "weekday": 5,
        "year": 2023,
      },
      {
        "date": 6,
        "display": "6",
        "month": 4,
        "weekday": 6,
        "year": 2023,
      },
    ],
    [
      {
        "date": 7,
        "display": "7",
        "month": 4,
        "weekday": 0,
        "year": 2023,
      },
      {
        "date": 8,
        "display": "8",
        "month": 4,
        "weekday": 1,
        "year": 2023,
      },
      {
        "date": 9,
        "display": "9",
        "month": 4,
        "weekday": 2,
        "year": 2023,
      },
      {
        "date": 10,
        "display": "10",
        "month": 4,
        "weekday": 3,
        "year": 2023,
      },
      {
        "date": 11,
        "display": "11",
        "month": 4,
        "weekday": 4,
        "year": 2023,
      },
      {
        "date": 12,
        "display": "12",
        "month": 4,
        "weekday": 5,
        "year": 2023,
      },
      {
        "date": 13,
        "display": "13",
        "month": 4,
        "weekday": 6,
        "year": 2023,
      },
    ],
    [
      {
        "date": 14,
        "display": "14",
        "month": 4,
        "weekday": 0,
        "year": 2023,
      },
      {
        "date": 15,
        "display": "15",
        "month": 4,
        "weekday": 1,
        "year": 2023,
      },
      {
        "date": 16,
        "display": "16",
        "month": 4,
        "weekday": 2,
        "year": 2023,
      },
      {
        "date": 17,
        "display": "17",
        "month": 4,
        "weekday": 3,
        "year": 2023,
      },
      {
        "date": 18,
        "display": "18",
        "month": 4,
        "weekday": 4,
        "year": 2023,
      },
      {
        "date": 19,
        "display": "19",
        "month": 4,
        "weekday": 5,
        "year": 2023,
      },
      {
        "date": 20,
        "display": "20",
        "month": 4,
        "weekday": 6,
        "year": 2023,
      },
    ],
    [
      {
        "date": 21,
        "display": "21",
        "month": 4,
        "weekday": 0,
        "year": 2023,
      },
      {
        "date": 22,
        "display": "22",
        "month": 4,
        "weekday": 1,
        "year": 2023,
      },
      {
        "date": 23,
        "display": "23",
        "month": 4,
        "weekday": 2,
        "year": 2023,
      },
      {
        "date": 24,
        "display": "24",
        "month": 4,
        "weekday": 3,
        "year": 2023,
      },
      {
        "date": 25,
        "display": "25",
        "month": 4,
        "weekday": 4,
        "year": 2023,
      },
      {
        "date": 26,
        "display": "26",
        "month": 4,
        "weekday": 5,
        "year": 2023,
      },
      {
        "date": 27,
        "display": "27",
        "month": 4,
        "weekday": 6,
        "year": 2023,
      },
    ],
    [
      {
        "date": 28,
        "display": "28",
        "month": 4,
        "weekday": 0,
        "year": 2023,
      },
      {
        "date": 29,
        "display": "29",
        "month": 4,
        "weekday": 1,
        "year": 2023,
      },
      {
        "date": 30,
        "display": "30",
        "month": 4,
        "weekday": 2,
        "year": 2023,
      },
      {
        "date": 31,
        "display": "31",
        "month": 4,
        "weekday": 3,
        "year": 2023,
      },
      {
        "date": 1,
        "display": "1",
        "month": 5,
        "weekday": 4,
        "year": 2023,
      },
      {
        "date": 2,
        "display": "2",
        "month": 5,
        "weekday": 5,
        "year": 2023,
      },
      {
        "date": 3,
        "display": "3",
        "month": 5,
        "weekday": 6,
        "year": 2023,
      },
    ],
    [
      {
        "date": 4,
        "display": "4",
        "month": 5,
        "weekday": 0,
        "year": 2023,
      },
      {
        "date": 5,
        "display": "5",
        "month": 5,
        "weekday": 1,
        "year": 2023,
      },
      {
        "date": 6,
        "display": "6",
        "month": 5,
        "weekday": 2,
        "year": 2023,
      },
      {
        "date": 7,
        "display": "7",
        "month": 5,
        "weekday": 3,
        "year": 2023,
      },
      {
        "date": 8,
        "display": "8",
        "month": 5,
        "weekday": 4,
        "year": 2023,
      },
      {
        "date": 9,
        "display": "9",
        "month": 5,
        "weekday": 5,
        "year": 2023,
      },
      {
        "date": 10,
        "display": "10",
        "month": 5,
        "weekday": 6,
        "year": 2023,
      },
    ],
  ],
}
`;

exports[`Calendar Utils > generateCalendarMonth > should generate the correct calendar for a month that starts on Saturday and the first day of week is Sunday 1`] = `
{
  "firstDayOfWeek": 0,
  "weeks": [
    [
      {
        "date": 19,
        "display": "19",
        "month": 2,
        "weekday": 0,
        "year": 2023,
      },
      {
        "date": 20,
        "display": "20",
        "month": 2,
        "weekday": 1,
        "year": 2023,
      },
      {
        "date": 21,
        "display": "21",
        "month": 2,
        "weekday": 2,
        "year": 2023,
      },
      {
        "date": 22,
        "display": "22",
        "month": 2,
        "weekday": 3,
        "year": 2023,
      },
      {
        "date": 23,
        "display": "23",
        "month": 2,
        "weekday": 4,
        "year": 2023,
      },
      {
        "date": 24,
        "display": "24",
        "month": 2,
        "weekday": 5,
        "year": 2023,
      },
      {
        "date": 25,
        "display": "25",
        "month": 2,
        "weekday": 6,
        "year": 2023,
      },
    ],
    [
      {
        "date": 26,
        "display": "26",
        "month": 2,
        "weekday": 0,
        "year": 2023,
      },
      {
        "date": 27,
        "display": "27",
        "month": 2,
        "weekday": 1,
        "year": 2023,
      },
      {
        "date": 28,
        "display": "28",
        "month": 2,
        "weekday": 2,
        "year": 2023,
      },
      {
        "date": 29,
        "display": "29",
        "month": 2,
        "weekday": 3,
        "year": 2023,
      },
      {
        "date": 30,
        "display": "30",
        "month": 2,
        "weekday": 4,
        "year": 2023,
      },
      {
        "date": 31,
        "display": "31",
        "month": 2,
        "weekday": 5,
        "year": 2023,
      },
      {
        "date": 1,
        "display": "1",
        "month": 3,
        "weekday": 6,
        "year": 2023,
      },
    ],
    [
      {
        "date": 2,
        "display": "2",
        "month": 3,
        "weekday": 0,
        "year": 2023,
      },
      {
        "date": 3,
        "display": "3",
        "month": 3,
        "weekday": 1,
        "year": 2023,
      },
      {
        "date": 4,
        "display": "4",
        "month": 3,
        "weekday": 2,
        "year": 2023,
      },
      {
        "date": 5,
        "display": "5",
        "month": 3,
        "weekday": 3,
        "year": 2023,
      },
      {
        "date": 6,
        "display": "6",
        "month": 3,
        "weekday": 4,
        "year": 2023,
      },
      {
        "date": 7,
        "display": "7",
        "month": 3,
        "weekday": 5,
        "year": 2023,
      },
      {
        "date": 8,
        "display": "8",
        "month": 3,
        "weekday": 6,
        "year": 2023,
      },
    ],
    [
      {
        "date": 9,
        "display": "9",
        "month": 3,
        "weekday": 0,
        "year": 2023,
      },
      {
        "date": 10,
        "display": "10",
        "month": 3,
        "weekday": 1,
        "year": 2023,
      },
      {
        "date": 11,
        "display": "11",
        "month": 3,
        "weekday": 2,
        "year": 2023,
      },
      {
        "date": 12,
        "display": "12",
        "month": 3,
        "weekday": 3,
        "year": 2023,
      },
      {
        "date": 13,
        "display": "13",
        "month": 3,
        "weekday": 4,
        "year": 2023,
      },
      {
        "date": 14,
        "display": "14",
        "month": 3,
        "weekday": 5,
        "year": 2023,
      },
      {
        "date": 15,
        "display": "15",
        "month": 3,
        "weekday": 6,
        "year": 2023,
      },
    ],
    [
      {
        "date": 16,
        "display": "16",
        "month": 3,
        "weekday": 0,
        "year": 2023,
      },
      {
        "date": 17,
        "display": "17",
        "month": 3,
        "weekday": 1,
        "year": 2023,
      },
      {
        "date": 18,
        "display": "18",
        "month": 3,
        "weekday": 2,
        "year": 2023,
      },
      {
        "date": 19,
        "display": "19",
        "month": 3,
        "weekday": 3,
        "year": 2023,
      },
      {
        "date": 20,
        "display": "20",
        "month": 3,
        "weekday": 4,
        "year": 2023,
      },
      {
        "date": 21,
        "display": "21",
        "month": 3,
        "weekday": 5,
        "year": 2023,
      },
      {
        "date": 22,
        "display": "22",
        "month": 3,
        "weekday": 6,
        "year": 2023,
      },
    ],
    [
      {
        "date": 23,
        "display": "23",
        "month": 3,
        "weekday": 0,
        "year": 2023,
      },
      {
        "date": 24,
        "display": "24",
        "month": 3,
        "weekday": 1,
        "year": 2023,
      },
      {
        "date": 25,
        "display": "25",
        "month": 3,
        "weekday": 2,
        "year": 2023,
      },
      {
        "date": 26,
        "display": "26",
        "month": 3,
        "weekday": 3,
        "year": 2023,
      },
      {
        "date": 27,
        "display": "27",
        "month": 3,
        "weekday": 4,
        "year": 2023,
      },
      {
        "date": 28,
        "display": "28",
        "month": 3,
        "weekday": 5,
        "year": 2023,
      },
      {
        "date": 29,
        "display": "29",
        "month": 3,
        "weekday": 6,
        "year": 2023,
      },
    ],
    [
      {
        "date": 30,
        "display": "30",
        "month": 3,
        "weekday": 0,
        "year": 2023,
      },
      {
        "date": 1,
        "display": "1",
        "month": 4,
        "weekday": 1,
        "year": 2023,
      },
      {
        "date": 2,
        "display": "2",
        "month": 4,
        "weekday": 2,
        "year": 2023,
      },
      {
        "date": 3,
        "display": "3",
        "month": 4,
        "weekday": 3,
        "year": 2023,
      },
      {
        "date": 4,
        "display": "4",
        "month": 4,
        "weekday": 4,
        "year": 2023,
      },
      {
        "date": 5,
        "display": "5",
        "month": 4,
        "weekday": 5,
        "year": 2023,
      },
      {
        "date": 6,
        "display": "6",
        "month": 4,
        "weekday": 6,
        "year": 2023,
      },
    ],
    [
      {
        "date": 7,
        "display": "7",
        "month": 4,
        "weekday": 0,
        "year": 2023,
      },
      {
        "date": 8,
        "display": "8",
        "month": 4,
        "weekday": 1,
        "year": 2023,
      },
      {
        "date": 9,
        "display": "9",
        "month": 4,
        "weekday": 2,
        "year": 2023,
      },
      {
        "date": 10,
        "display": "10",
        "month": 4,
        "weekday": 3,
        "year": 2023,
      },
      {
        "date": 11,
        "display": "11",
        "month": 4,
        "weekday": 4,
        "year": 2023,
      },
      {
        "date": 12,
        "display": "12",
        "month": 4,
        "weekday": 5,
        "year": 2023,
      },
      {
        "date": 13,
        "display": "13",
        "month": 4,
        "weekday": 6,
        "year": 2023,
      },
    ],
  ],
}
`;

exports[`Calendar Utils > generateCalendarMonth > should generate the correct calendar for a month that starts on Thursday and the first day of week is Monday 1`] = `
{
  "firstDayOfWeek": 1,
  "weeks": [
    [
      {
        "date": 21,
        "display": "21",
        "month": 10,
        "weekday": 1,
        "year": 2022,
      },
      {
        "date": 22,
        "display": "22",
        "month": 10,
        "weekday": 2,
        "year": 2022,
      },
      {
        "date": 23,
        "display": "23",
        "month": 10,
        "weekday": 3,
        "year": 2022,
      },
      {
        "date": 24,
        "display": "24",
        "month": 10,
        "weekday": 4,
        "year": 2022,
      },
      {
        "date": 25,
        "display": "25",
        "month": 10,
        "weekday": 5,
        "year": 2022,
      },
      {
        "date": 26,
        "display": "26",
        "month": 10,
        "weekday": 6,
        "year": 2022,
      },
      {
        "date": 27,
        "display": "27",
        "month": 10,
        "weekday": 0,
        "year": 2022,
      },
    ],
    [
      {
        "date": 28,
        "display": "28",
        "month": 10,
        "weekday": 1,
        "year": 2022,
      },
      {
        "date": 29,
        "display": "29",
        "month": 10,
        "weekday": 2,
        "year": 2022,
      },
      {
        "date": 30,
        "display": "30",
        "month": 10,
        "weekday": 3,
        "year": 2022,
      },
      {
        "date": 1,
        "display": "1",
        "month": 11,
        "weekday": 4,
        "year": 2022,
      },
      {
        "date": 2,
        "display": "2",
        "month": 11,
        "weekday": 5,
        "year": 2022,
      },
      {
        "date": 3,
        "display": "3",
        "month": 11,
        "weekday": 6,
        "year": 2022,
      },
      {
        "date": 4,
        "display": "4",
        "month": 11,
        "weekday": 0,
        "year": 2022,
      },
    ],
    [
      {
        "date": 5,
        "display": "5",
        "month": 11,
        "weekday": 1,
        "year": 2022,
      },
      {
        "date": 6,
        "display": "6",
        "month": 11,
        "weekday": 2,
        "year": 2022,
      },
      {
        "date": 7,
        "display": "7",
        "month": 11,
        "weekday": 3,
        "year": 2022,
      },
      {
        "date": 8,
        "display": "8",
        "month": 11,
        "weekday": 4,
        "year": 2022,
      },
      {
        "date": 9,
        "display": "9",
        "month": 11,
        "weekday": 5,
        "year": 2022,
      },
      {
        "date": 10,
        "display": "10",
        "month": 11,
        "weekday": 6,
        "year": 2022,
      },
      {
        "date": 11,
        "display": "11",
        "month": 11,
        "weekday": 0,
        "year": 2022,
      },
    ],
    [
      {
        "date": 12,
        "display": "12",
        "month": 11,
        "weekday": 1,
        "year": 2022,
      },
      {
        "date": 13,
        "display": "13",
        "month": 11,
        "weekday": 2,
        "year": 2022,
      },
      {
        "date": 14,
        "display": "14",
        "month": 11,
        "weekday": 3,
        "year": 2022,
      },
      {
        "date": 15,
        "display": "15",
        "month": 11,
        "weekday": 4,
        "year": 2022,
      },
      {
        "date": 16,
        "display": "16",
        "month": 11,
        "weekday": 5,
        "year": 2022,
      },
      {
        "date": 17,
        "display": "17",
        "month": 11,
        "weekday": 6,
        "year": 2022,
      },
      {
        "date": 18,
        "display": "18",
        "month": 11,
        "weekday": 0,
        "year": 2022,
      },
    ],
    [
      {
        "date": 19,
        "display": "19",
        "month": 11,
        "weekday": 1,
        "year": 2022,
      },
      {
        "date": 20,
        "display": "20",
        "month": 11,
        "weekday": 2,
        "year": 2022,
      },
      {
        "date": 21,
        "display": "21",
        "month": 11,
        "weekday": 3,
        "year": 2022,
      },
      {
        "date": 22,
        "display": "22",
        "month": 11,
        "weekday": 4,
        "year": 2022,
      },
      {
        "date": 23,
        "display": "23",
        "month": 11,
        "weekday": 5,
        "year": 2022,
      },
      {
        "date": 24,
        "display": "24",
        "month": 11,
        "weekday": 6,
        "year": 2022,
      },
      {
        "date": 25,
        "display": "25",
        "month": 11,
        "weekday": 0,
        "year": 2022,
      },
    ],
    [
      {
        "date": 26,
        "display": "26",
        "month": 11,
        "weekday": 1,
        "year": 2022,
      },
      {
        "date": 27,
        "display": "27",
        "month": 11,
        "weekday": 2,
        "year": 2022,
      },
      {
        "date": 28,
        "display": "28",
        "month": 11,
        "weekday": 3,
        "year": 2022,
      },
      {
        "date": 29,
        "display": "29",
        "month": 11,
        "weekday": 4,
        "year": 2022,
      },
      {
        "date": 30,
        "display": "30",
        "month": 11,
        "weekday": 5,
        "year": 2022,
      },
      {
        "date": 31,
        "display": "31",
        "month": 11,
        "weekday": 6,
        "year": 2022,
      },
      {
        "date": 1,
        "display": "1",
        "month": 0,
        "weekday": 0,
        "year": 2023,
      },
    ],
    [
      {
        "date": 2,
        "display": "2",
        "month": 0,
        "weekday": 1,
        "year": 2023,
      },
      {
        "date": 3,
        "display": "3",
        "month": 0,
        "weekday": 2,
        "year": 2023,
      },
      {
        "date": 4,
        "display": "4",
        "month": 0,
        "weekday": 3,
        "year": 2023,
      },
      {
        "date": 5,
        "display": "5",
        "month": 0,
        "weekday": 4,
        "year": 2023,
      },
      {
        "date": 6,
        "display": "6",
        "month": 0,
        "weekday": 5,
        "year": 2023,
      },
      {
        "date": 7,
        "display": "7",
        "month": 0,
        "weekday": 6,
        "year": 2023,
      },
      {
        "date": 8,
        "display": "8",
        "month": 0,
        "weekday": 0,
        "year": 2023,
      },
    ],
  ],
}
`;

exports[`Calendar Utils > generateCalendarYear > should generate the correct calendar 1`] = `
{
  "months": [
    [
      {
        "display": "Jan",
        "month": 0,
        "year": 2023,
      },
      {
        "display": "Feb",
        "month": 1,
        "year": 2023,
      },
      {
        "display": "Mar",
        "month": 2,
        "year": 2023,
      },
    ],
    [
      {
        "display": "Apr",
        "month": 3,
        "year": 2023,
      },
      {
        "display": "May",
        "month": 4,
        "year": 2023,
      },
      {
        "display": "Jun",
        "month": 5,
        "year": 2023,
      },
    ],
    [
      {
        "display": "Jul",
        "month": 6,
        "year": 2023,
      },
      {
        "display": "Aug",
        "month": 7,
        "year": 2023,
      },
      {
        "display": "Sep",
        "month": 8,
        "year": 2023,
      },
    ],
    [
      {
        "display": "Oct",
        "month": 9,
        "year": 2023,
      },
      {
        "display": "Nov",
        "month": 10,
        "year": 2023,
      },
      {
        "display": "Dec",
        "month": 11,
        "year": 2023,
      },
    ],
  ],
}
`;
